// Jest Snapshot v1, https://goo.gl/fbAQLP

exports[`Dialog Component matches snapshot 1`] = `
<div
  className="dialogContainer"
>
  <div
    className="dialogContent scale-up"
  >
    <div
      className="dialog-title"
    />
    Dummy content
  </div>
</div>
`;
